<?php

namespace CheckPsr12;

class psr12
{
    public function hello(){}

    public static function hello2() {
        }

    static public function hello3() {}
}